
======================================================================
娴嬭瘯 1: 鏁版嵁搴撳崌绾ч獙璇?
======================================================================
  [OK] import_records琛ㄦ湁rule_version_id瀛楁
  [OK] import_records鏈夎仈鍚堝敮涓€绱㈠紩
  [OK] ui_state琛ㄥ瓨鍦?
  [OK] ui_state琛ㄦ湁state_key瀛楁
  [OK] ui_state琛ㄦ湁state_value瀛楁

======================================================================
娴嬭瘯 2: 棣栨瀵煎叆鏁版嵁 + 褰掑洜 (v1瑙勫垯)
======================================================================
  [OK] v1搴撳瓨瀵煎叆鎴愬姛
  [OK] v1搴撳瓨瀵煎叆璁板綍rule_version姝ｇ‘
  [OK] v1閿€鍞鍏ユ垚鍔?
  [OK] v1璋冩嫧瀵煎叆鎴愬姛
  [OK] v1鐩樼偣瀵煎叆鎴愬姛
  [OK] 瀵煎叆璁板綍閮芥湁rule_version瀛楁
  [OK] v1褰掑洜鎴愬姛
  [OK] v1褰掑洜鍒涘缓宸紓>0
  [OK] v1瑙勫垯鐗堟湰鍙?1
  [OK] v1鏈夊樊寮? 9 鏉?
  [OK] v1宸紓璁板綍rule_ver=1

======================================================================
娴嬭瘯 3: 鍚岃鍒欑増鏈噸澶嶅鍏ユ嫤鎴?
======================================================================
  [OK] 鍚岃鍒欑増鏈噸澶嶅鍏ヨ鎷︽埅
  [OK] 鎷︽埅鏍囪duplicate=True
  [OK] duplicate_type=same_rule_version
  [OK] 閿欒淇℃伅鍖呭惈瑙勫垯鐗堟湰鎻愮ず

======================================================================
娴嬭瘯 4: 淇濆瓨绛涢€夎蹇?
======================================================================
  [OK] 绛涢€夌姸鎬佷繚瀛樻垚鍔?
  [OK] 绛涢€夌姸鎬乻tore_id姝ｇ‘
  [OK] 绛涢€夌姸鎬乺ule_ver_a姝ｇ‘

======================================================================
娴嬭瘯 5: 瑙勫垯鍙樻洿 (v2)
======================================================================
  [OK] v2瑙勫垯淇濆瓨鎴愬姛
  [OK] 瑙勫垯鐗堟湰鍙?2
  [OK] 鏈?涓鍒欑増鏈?
  [OK] v2鏄縺娲荤姸鎬?

======================================================================
娴嬭瘯 6: 涓嶅悓瑙勫垯鐗堟湰瀵煎叆鍐茬獊鎻愰啋
======================================================================
  [OK] 涓嶅悓瑙勫垯鐗堟湰瀵煎叆瑙﹀彂鍐茬獊
  [OK] duplicate_type=different_rule_version
  [OK] 閿欒淇℃伅鍖呭惈'瀵煎叆鍐茬獊鎻愰啋'
  [OK] 鍖呭惈existing_rule_version瀛楁
  [OK] 鍖呭惈current_rule_version瀛楁
  [INFO] 鍐茬獊鎻愮ず鍐呭棰勮:
         鈿狅笍 瀵煎叆鍐茬獊鎻愰啋锛氭枃浠?'inventory_v2.csv' 宸插湪瑙勫垯 v1 涓嬪鍏ヨ繃 锛堝鍏ユ椂闂? 2026-06-21T05:23:17锛夈€?
         褰撳墠鐢熸晥瑙勫垯涓?v2锛屼笌鍘嗗彶瀵煎叆鐨勮鍒欑増鏈笉鍚屻€?
         缁х画瀵煎叆灏嗗熀浜?v2 瑙勫垯鐢熸垚鏂扮殑宸紓璁板綍锛屼笌鏃ц鍒?v1 鐨勮褰曞垎寮€瀛樺偍锛屼笉浼氳鐩栥€?
         鍘嗗彶宸紓璁板綍鏁? 18 鏉°€?
  [OK] 纭鍚庡彲鍦╲2瑙勫垯涓嬪鍏?
  [OK] v2瀵煎叆rule_version=2
  [OK] 搴撳瓨鏈?鏉″鍏ヨ褰?鍒嗗睘v1鍜寁2)
  [OK] 2鏉¤褰曡鍒欑増鏈笉鍚?

======================================================================
娴嬭瘯 7: v2瑙勫垯涓嬪綊鍥? 鏂版棫璁板綍鍒嗗紑
======================================================================
  [OK] v2鏁版嵁鍏ㄩ儴瀵煎叆鎴愬姛
  [OK] v2褰掑洜鎴愬姛
  [OK] v2瑙勫垯鐗堟湰鍙?2
  [OK] 鎬诲樊寮傛暟: 18
  [OK] v1宸紓鏁? 9
  [OK] v2宸紓鏁? 9
  [OK] v1宸紓rule_ver閮芥槸1
  [OK] v2宸紓rule_ver閮芥槸2
  [OK] 鍟嗗搧('S002', '6901234567892')鏈夊涓鍒欑増鏈褰?
  [OK] 鐗堟湰1鍜岀増鏈?閮藉瓨鍦?
  [OK] v1璁板綍瑙勫垯閰嶇疆闃堝€?2.0
  [OK] v2璁板綍瑙勫垯閰嶇疆闃堝€?8.0
  [OK] 涓や釜鐗堟湰diff_qty鐙珛涓嶄覆

======================================================================
娴嬭瘯 8: 宸紓澶嶇洏瀵规瘮 - 澶氱淮搴︾瓫閫?
======================================================================
  [OK] 闂ㄥ簵鍒楄〃姝ｇ‘
  [OK] 鍟嗗搧鍒楄〃姝ｇ‘
  [OK] 瑙勫垯鐗堟湰鍒楄〃姝ｇ‘
  [OK] 鎸夐棬搴?瑙勫垯v1绛涢€? 5 鏉?
  [OK] 鎸夋潯鐮佸叧閿瘝绛涢€? 18 鏉?

======================================================================
娴嬭瘯 9: 宸紓澶嶇洏瀵规瘮 - 骞舵帓瀵规瘮鏋勫缓
======================================================================
  [OK] 瀵规瘮鍟嗗搧鎬绘暟: 5
  [OK] 鍏辨湁鍟嗗搧: 5
  [OK] 浠卾1鏈? 0
  [OK] 浠卾2鏈? 0
  [OK] 鍟嗗搧('S002', '6901234567891') v1鏈夊揩鐓?
  [OK] 鍟嗗搧('S002', '6901234567891') v2鏈夊揩鐓?
  [OK] v1蹇収闃堝€?2.0
  [OK] v2蹇収闃堝€?8.0
  [OK] v1鍜寁2蹇収鐙珛
  [INFO] 宸紓閲忓彉鍖栧晢鍝佹暟: 0, 褰掑洜鍙樺寲鍟嗗搧鏁? 1

======================================================================
娴嬭瘯 10: 瀵煎嚭澧炲己 - CSV鍚瓫閫夋潯浠跺拰瀵规瘮鎽樿
======================================================================
  [OK] CSV鍖呭惈绛涢€夋潯浠惰
  [OK] CSV鍖呭惈瀵规瘮鎽樿娉ㄩ噴琛?
  [OK] CSV鍖呭惈骞舵帓鐗堟湰鍒?
  [OK] CSV鍖呭惈宸紓鍙樺寲鍒?
  [OK] CSV鍖呭惈褰掑洜鍙樺寲鍒?
  [INFO] CSV鍓?琛岄瑙?
         # 宸紓澶嶇洏瀵规瘮瀵煎嚭...
         # 瀵煎嚭鏃堕棿: 2026-06-21T05:23:17.407901...
         # 绛涢€夋潯浠? 闂ㄥ簵=S002, 瑙勫垯A=v1, 瑙勫垯B=v2...

======================================================================
娴嬭瘯 11: 瀵煎嚭澧炲己 - JSON鍚畬鏁村厓鏁版嵁
======================================================================
  [OK] JSON鍖呭惈export_metadata
  [OK] JSON鍖呭惈comparison_data
  [OK] JSON鍖呭惈rule_versions_info
  [OK] JSON鍏冩暟鎹寘鍚瓫閫夋潯浠?
  [OK] JSON鍏冩暟鎹寘鍚姣旀憳瑕?
  [OK] JSON瑙勫垯鐗堟湰淇℃伅瀹屾暣
  [OK] JSON瑙勫垯鐗堟湰1闃堝€?2.0
  [OK] JSON瑙勫垯鐗堟湰2闃堝€?8.0
  [INFO] JSON鍏冩暟鎹瑙?
         {
          "exported_at": "2026-06-21T05:23:17.407901",
          "filter_store": "S002",
          "filter_barcode": "",
          "filter_rule_a": 1,
          "filter_rule_b": 2,
          "summar...

======================================================================
娴嬭瘯 12: 妯℃嫙閲嶅惎 - 鏁版嵁鍜岀姸鎬佷繚鐣?
======================================================================
  [OK] 閲嶅惎鍚庢€诲樊寮傛暟涓€鑷? 18 == 18
  [OK] 閲嶅惎鍚巚1宸紓鏁颁竴鑷? 9 == 9
  [OK] 閲嶅惎鍚巚2宸紓鏁颁竴鑷? 9 == 9
  [OK] 閲嶅惎鍚庡鍏ヨ褰曚竴鑷? 8 == 8
  [OK] 閲嶅惎鍚庣瓫閫夌姸鎬佹仮澶?
  [OK] 閲嶅惎鍚庤鍒欑増鏈繚鐣?
  [OK] 閲嶅惎鍚巚1搴撳瓨璁板綍瀛樺湪
  [OK] 閲嶅惎鍚巚2搴撳瓨璁板綍瀛樺湪
  [OK] 閲嶅惎鍚巚1鏍锋湰瑙勫垯鐗堟湰涓嶄覆
  [OK] 閲嶅惎鍚巚2鏍锋湰瑙勫垯鐗堟湰涓嶄覆
  [OK] 閲嶅惎鍚巚1蹇収闃堝€间笉涓?
  [OK] 閲嶅惎鍚巚2蹇収闃堝€间笉涓?

======================================================================
娴嬭瘯 13: 瀹屾暣瀵煎叆-鏀硅鍒?鍐嶅鍏ラ摼璺獙璇?
======================================================================
  [OK] v3瑙勫垯淇濆瓨鎴愬姛
  [OK] v3瑙﹀彂鍐茬獊鎻愰啋
  [OK] 鍐茬獊鎻愮ず鍖呭惈v1鍜寁2鍘嗗彶
  [OK] v3纭鍚庡鍏ユ垚鍔?
  [OK] 搴撳瓨鏈?涓鍒欑増鏈殑瀵煎叆璁板綍
  [OK] 姣忎釜鐗堟湰鍚?鏉″簱瀛樿褰?
  [OK] 宸紓鎸夌増鏈垎甯? {3: 9, 2: 9, 1: 9}
  [OK] 鍚勭増鏈樊寮傜嫭绔嬩笉涓?

======================================================================
娴嬭瘯 14: 鏃堕棿绛涢€?- 鎸夋椂闂磋寖鍥存埅鍙栧樊寮傝褰?
======================================================================
  [OK] 鏈夊彲鐢ㄤ簬鏃堕棿绛涢€夌殑鏁版嵁
  [OK] 鏃犳椂闂寸瓫閫夎繑鍥炲叏閮?
  [OK] 鏈潵鏃堕棿鑼冨洿杩斿洖0鏉?
  [OK] 杩囧幓鏃堕棿鑼冨洿杩斿洖0鏉?
  [OK] 瀹屾暣鏃堕棿鑼冨洿杩斿洖鍏ㄩ儴
  [OK] 鏃堕棿绛涢€夌敓鏁? 涓鍓嶆埅鍙?
  [OK] 鏃堕棿绛涢€夌敓鏁? 涓鍚庢埅鍙?

======================================================================
娴嬭瘯 15: 绛涢€夎蹇?- 鏃堕棿鏉′欢鎸佷箙鍖?
======================================================================
  [OK] 鏃堕棿绛涢€変繚瀛樻垚鍔?
  [OK] date_from鎸佷箙鍖?
  [OK] date_to鎸佷箙鍖?

======================================================================
娴嬭瘯 16: 瀵煎嚭澧炲己 - CSV/JSON鍖呭惈鏃堕棿鏉′欢
======================================================================
  [OK] 鏃堕棿绛涢€夊悗鐗堟湰A鏈夋暟鎹?
  [OK] 鏃堕棿绛涢€夊悗鐗堟湰B鏈夋暟鎹?
  [OK] CSV娉ㄩ噴鍖呭惈鏃堕棿鑼冨洿
  [OK] CSV娉ㄩ噴鍖呭惈date_from
  [OK] CSV娉ㄩ噴鍖呭惈date_to
  [OK] JSON metadata鍖呭惈filter_date_from
  [OK] JSON metadata鍖呭惈filter_date_to
  [INFO] CSV绛涢€夋潯浠惰棰勮:
         # 绛涢€夋潯浠? 闂ㄥ簵=S002, 鏃堕棿鑼冨洿=2026-06-21T05:23:17.240304~2026-06-21T05:23:17.461319, 瑙勫垯A=v1, 瑙勫垯B=v2, 鐘舵€?鍏ㄩ儴...

======================================================================
娴嬭瘯 17: 鐗堟湰A/B鏌ヨ鍧囦娇鐢ㄦ椂闂存潯浠?- 缁撴灉瀵圭О
======================================================================
  [OK] 鐗堟湰A鏃堕棿绛涢€夌敓鏁?
  [OK] 鐗堟湰B鏃堕棿绛涢€夌敓鏁?
  [OK] 涓ょ増鏈椂闂寸瓫閫夎涓哄绉?

======================================================================
娴嬭瘯 18: 妯℃嫙閲嶅惎 - 鏃堕棿绛涢€夋潯浠舵仮澶?
======================================================================
  [OK] 閲嶅惎鍚巇ate_from鎭㈠
  [OK] 閲嶅惎鍚巇ate_to鎭㈠
  [OK] 閲嶅惎鍚庢椂闂寸瓫閫夌増鏈珹鍏ㄩ噺鏁版嵁姝ｇ‘
  [OK] 閲嶅惎鍚庢椂闂寸瓫閫夌増鏈珺鍏ㄩ噺鏁版嵁姝ｇ‘
  [OK] 閲嶅惎鍚庢椂闂寸瓫閫夌増鏈珹闂ㄥ簵鏁版嵁姝ｇ‘
  [OK] 閲嶅惎鍚庢椂闂寸瓫閫夌増鏈珺闂ㄥ簵鏁版嵁姝ｇ‘

======================================================================
[鍏ㄩ儴閫氳繃] 瑙勫垯鐗堟湰瀵规瘮涓庡樊寮傚鐩樺寮虹増鍥炲綊娴嬭瘯鍏ㄩ儴閫氳繃!
   [OK] 鏁版嵁搴撳崌绾?(rule_version_id + ui_state)
   [OK] 鍚岃鍒欑増鏈噸澶嶅鍏ユ嫤鎴?
   [OK] 涓嶅悓瑙勫垯鐗堟湰瀵煎叆鍐茬獊鎻愰啋 + 纭鏈哄埗
   [OK] 瑙勫垯鐗堟湰闅旂, 鏂版棫璁板綍鍒嗗紑瀛樺偍涓嶄覆鍙ｅ緞
   [OK] 宸紓澶嶇洏瀵规瘮瑙嗗浘 - 澶氱淮搴︾瓫閫?
   [OK] 宸紓澶嶇洏瀵规瘮瑙嗗浘 - 骞舵帓灞曠ず鏃?鏂?鍒悕/蹇収
   [OK] 绛涢€夎蹇嗘寔涔呭寲, 閲嶅惎鍚庡彲鎭㈠
   [OK] CSV瀵煎嚭鍖呭惈绛涢€夋潯浠躲€佸姣旀憳瑕併€佸苟鎺掔増鏈?
   [OK] JSON瀵煎嚭鍖呭惈鍏冩暟鎹€佽鍒欑増鏈€佸畬鏁村姣旀暟鎹?
   [OK] 閲嶅惎鍥炲綊鎵€鏈夋暟鎹繚鎸佷竴鑷? 涓嶄覆鍙ｅ緞
   [OK] 瀹屾暣閾捐矾楠岃瘉: 瀵煎叆鈫掓敼瑙勫垯鈫掑啀瀵煎叆鈫掑姣斺啋瀵煎嚭鈫掗噸鍚?
   [OK] 鏃堕棿绛涢€?- 鎸夋椂闂磋寖鍥存埅鍙栧樊寮傝褰?
   [OK] 绛涢€夎蹇?- 鏃堕棿鏉′欢鎸佷箙鍖?
   [OK] 瀵煎嚭澧炲己 - CSV/JSON鍖呭惈鏃堕棿鏉′欢
   [OK] 鐗堟湰A/B鏌ヨ鍧囦娇鐢ㄦ椂闂存潯浠?
   [OK] 妯℃嫙閲嶅惎 - 鏃堕棿绛涢€夋潯浠舵仮澶?
